[2026-09-23T06:40:11.934Z] POST /api/auth/login
SyntaxError: Expected property name or '}' in JSON at position 1 (line 1 column 2)
    at JSON.parse (<anonymous>)
    at parse (C:\Content App\backend\node_modules\body-parser\lib\types\json.js:96:19)
    at C:\Content App\backend\node_modules\body-parser\lib\read.js:128:18
    at AsyncResource.runInAsyncScope (node:async_hooks:213:14)
    at invokeCallback (C:\Content App\backend\node_modules\raw-body\index.js:238:16)
    at done (C:\Content App\backend\node_modules\raw-body\index.js:227:7)
    at IncomingMessage.onEnd (C:\Content App\backend\node_modules\raw-body\index.js:287:7)
    at IncomingMessage.emit (node:events:508:28)
    at endReadableNT (node:internal/streams/readable:1701:12)
    at process.processTicksAndRejections (node:internal/process/task_queues:89:21)

[2026-09-23T19:56:45.042Z] POST /api/auth/login
Error: Invalid email or password.
    at Module.loginUser (file:///C:/Content%20App/backend/src/modules/auth/auth.service.js:53:17)
    at async login (file:///C:/Content%20App/backend/src/modules/auth/auth.controller.js:21:29)

[2026-09-23T19:57:02.695Z] POST /api/auth/login
Error: Invalid email or password.
    at Module.loginUser (file:///C:/Content%20App/backend/src/modules/auth/auth.service.js:53:17)
    at async login (file:///C:/Content%20App/backend/src/modules/auth/auth.controller.js:21:29)

[2026-09-23T19:57:21.063Z] POST /api/auth/login
Error: Invalid email or password.
    at Module.loginUser (file:///C:/Content%20App/backend/src/modules/auth/auth.service.js:53:17)
    at async login (file:///C:/Content%20App/backend/src/modules/auth/auth.controller.js:21:29)

[2026-09-23T19:58:22.718Z] POST /api/auth/login
Error: Invalid email or password.
    at Module.loginUser (file:///C:/Content%20App/backend/src/modules/auth/auth.service.js:53:17)
    at async login (file:///C:/Content%20App/backend/src/modules/auth/auth.controller.js:21:29)

[2026-09-23T19:58:39.261Z] POST /api/auth/login
Error: Invalid email or password.
    at Module.loginUser (file:///C:/Content%20App/backend/src/modules/auth/auth.service.js:53:17)
    at async login (file:///C:/Content%20App/backend/src/modules/auth/auth.controller.js:21:29)

[2026-09-23T19:58:49.295Z] POST /api/auth/contributor
Error: An account with this email already exists.
    at Module.createContributorAccount (file:///C:/Content%20App/backend/src/modules/auth/auth.service.js:90:17)
    at process.processTicksAndRejections (node:internal/process/task_queues:103:5)
    at async createContributor (file:///C:/Content%20App/backend/src/modules/auth/auth.controller.js:53:20)

[2026-09-24T05:34:41.538Z] POST /api/auth/login
MongooseError: Operation `users.findOne()` buffering timed out after 10000ms
    at Timeout.<anonymous> (C:\Content App\backend\node_modules\mongoose\lib\drivers\node-mongodb-native\collection.js:187:23)
    at listOnTimeout (node:internal/timers:605:17)
    at process.processTimers (node:internal/timers:541:7)

[2026-09-24T05:35:20.096Z] POST /api/auth/login
MongooseError: Operation `users.findOne()` buffering timed out after 10000ms
    at Timeout.<anonymous> (C:\Content App\backend\node_modules\mongoose\lib\drivers\node-mongodb-native\collection.js:187:23)
    at listOnTimeout (node:internal/timers:605:17)
    at process.processTimers (node:internal/timers:541:7)

[2026-09-24T05:49:51.416Z] POST /api/auth/login
MongooseError: Operation `users.findOne()` buffering timed out after 10000ms
    at Timeout.<anonymous> (C:\Content App\backend\node_modules\mongoose\lib\drivers\node-mongodb-native\collection.js:187:23)
    at listOnTimeout (node:internal/timers:605:17)
    at process.processTimers (node:internal/timers:541:7)

[2026-09-24T05:53:24.548Z] POST /api/auth/login
MongoServerSelectionError: read ECONNRESET
    at Topology.selectServer (C:\Content App\backend\node_modules\mongodb\lib\sdam\topology.js:327:38)
    at async tryOperation (C:\Content App\backend\node_modules\mongodb\lib\operations\execute_operation.js:148:18)
    at async executeOperation (C:\Content App\backend\node_modules\mongodb\lib\operations\execute_operation.js:78:16)
    at async FindCursor._initialize (C:\Content App\backend\node_modules\mongodb\lib\cursor\find_cursor.js:62:26)
    at async FindCursor.cursorInit (C:\Content App\backend\node_modules\mongodb\lib\cursor\abstract_cursor.js:632:27)
    at async FindCursor.fetchBatch (C:\Content App\backend\node_modules\mongodb\lib\cursor\abstract_cursor.js:666:13)
    at async FindCursor.next (C:\Content App\backend\node_modules\mongodb\lib\cursor\abstract_cursor.js:342:17)
    at async Collection.findOne (C:\Content App\backend\node_modules\mongodb\lib\collection.js:313:24)
    at async model.Query._findOne (C:\Content App\backend\node_modules\mongoose\lib\query.js:2710:15)
    at async model.Query.exec (C:\Content App\backend\node_modules\mongoose\lib\query.js:4622:63)

[2026-09-24T05:53:40.055Z] POST /api/auth/login
MongoServerSelectionError: read ECONNRESET
    at Topology.selectServer (C:\Content App\backend\node_modules\mongodb\lib\sdam\topology.js:327:38)
    at async tryOperation (C:\Content App\backend\node_modules\mongodb\lib\operations\execute_operation.js:148:18)
    at async executeOperation (C:\Content App\backend\node_modules\mongodb\lib\operations\execute_operation.js:78:16)
    at async FindCursor._initialize (C:\Content App\backend\node_modules\mongodb\lib\cursor\find_cursor.js:62:26)
    at async FindCursor.cursorInit (C:\Content App\backend\node_modules\mongodb\lib\cursor\abstract_cursor.js:632:27)
    at async FindCursor.fetchBatch (C:\Content App\backend\node_modules\mongodb\lib\cursor\abstract_cursor.js:666:13)
    at async FindCursor.next (C:\Content App\backend\node_modules\mongodb\lib\cursor\abstract_cursor.js:342:17)
    at async Collection.findOne (C:\Content App\backend\node_modules\mongodb\lib\collection.js:313:24)
    at async model.Query._findOne (C:\Content App\backend\node_modules\mongoose\lib\query.js:2710:15)
    at async model.Query.exec (C:\Content App\backend\node_modules\mongoose\lib\query.js:4622:63)

[2026-09-24T05:55:56.085Z] POST /api/auth/login
MongoServerSelectionError: read ECONNRESET
    at Topology.selectServer (C:\Content App\backend\node_modules\mongodb\lib\sdam\topology.js:327:38)
    at async tryOperation (C:\Content App\backend\node_modules\mongodb\lib\operations\execute_operation.js:148:18)
    at async executeOperation (C:\Content App\backend\node_modules\mongodb\lib\operations\execute_operation.js:78:16)
    at async FindCursor._initialize (C:\Content App\backend\node_modules\mongodb\lib\cursor\find_cursor.js:62:26)
    at async FindCursor.cursorInit (C:\Content App\backend\node_modules\mongodb\lib\cursor\abstract_cursor.js:632:27)
    at async FindCursor.fetchBatch (C:\Content App\backend\node_modules\mongodb\lib\cursor\abstract_cursor.js:666:13)
    at async FindCursor.next (C:\Content App\backend\node_modules\mongodb\lib\cursor\abstract_cursor.js:342:17)
    at async Collection.findOne (C:\Content App\backend\node_modules\mongodb\lib\collection.js:313:24)
    at async model.Query._findOne (C:\Content App\backend\node_modules\mongoose\lib\query.js:2710:15)
    at async model.Query.exec (C:\Content App\backend\node_modules\mongoose\lib\query.js:4622:63)

[2026-09-24T05:58:14.667Z] POST /api/auth/login
MongooseError: Operation `users.findOne()` buffering timed out after 10000ms
    at Timeout.<anonymous> (C:\Content App\backend\node_modules\mongoose\lib\drivers\node-mongodb-native\collection.js:187:23)
    at listOnTimeout (node:internal/timers:605:17)
    at process.processTimers (node:internal/timers:541:7)

[2026-09-24T05:58:28.745Z] POST /api/auth/login
MongooseError: Operation `users.findOne()` buffering timed out after 10000ms
    at Timeout.<anonymous> (C:\Content App\backend\node_modules\mongoose\lib\drivers\node-mongodb-native\collection.js:187:23)
    at listOnTimeout (node:internal/timers:605:17)
    at process.processTimers (node:internal/timers:541:7)

[2026-09-24T06:03:38.995Z] POST /api/auth/login
MongooseError: Operation `users.findOne()` buffering timed out after 10000ms
    at Timeout.<anonymous> (C:\Content App\backend\node_modules\mongoose\lib\drivers\node-mongodb-native\collection.js:187:23)
    at listOnTimeout (node:internal/timers:605:17)
    at process.processTimers (node:internal/timers:541:7)

[2026-09-24T06:15:46.008Z] POST /api/auth/login
Error: Invalid email or password.
    at Module.loginUser (file:///C:/Content%20App/backend/src/modules/auth/auth.service.js:38:17)
    at process.processTicksAndRejections (node:internal/process/task_queues:103:5)
    at async login (file:///C:/Content%20App/backend/src/modules/auth/auth.controller.js:26:29)

[2026-09-24T06:15:57.006Z] POST /api/auth/login
Error: Invalid email or password.
    at Module.loginUser (file:///C:/Content%20App/backend/src/modules/auth/auth.service.js:38:17)
    at process.processTicksAndRejections (node:internal/process/task_queues:103:5)
    at async login (file:///C:/Content%20App/backend/src/modules/auth/auth.controller.js:26:29)

[2026-09-24T19:02:42.796Z] GET /api/content?page=1&limit=20&sortBy=publishedDate&sortOrder=desc
ReferenceError: skip is not defined
    at Module.getContent (file:///C:/Content%20App/backend/src/modules/content/content.service.js:68:16)
    at getContent (file:///C:/Content%20App/backend/src/modules/content/content.controller.js:6:41)
    at Layer.handle [as handle_request] (C:\Content App\backend\node_modules\express\lib\router\layer.js:95:5)
    at next (C:\Content App\backend\node_modules\express\lib\router\route.js:149:13)
    at Route.dispatch (C:\Content App\backend\node_modules\express\lib\router\route.js:119:3)
    at Layer.handle [as handle_request] (C:\Content App\backend\node_modules\express\lib\router\layer.js:95:5)
    at C:\Content App\backend\node_modules\express\lib\router\index.js:284:15
    at router.process_params (C:\Content App\backend\node_modules\express\lib\router\index.js:346:12)
    at next (C:\Content App\backend\node_modules\express\lib\router\index.js:280:10)
    at protect (file:///C:/Content%20App/backend/src/middleware/authMiddleware.js:41:5)

[2026-09-24T19:02:42.844Z] GET /api/content?page=1&limit=20&sortBy=publishedDate&sortOrder=desc
ReferenceError: skip is not defined
    at Module.getContent (file:///C:/Content%20App/backend/src/modules/content/content.service.js:68:16)
    at getContent (file:///C:/Content%20App/backend/src/modules/content/content.controller.js:6:41)
    at Layer.handle [as handle_request] (C:\Content App\backend\node_modules\express\lib\router\layer.js:95:5)
    at next (C:\Content App\backend\node_modules\express\lib\router\route.js:149:13)
    at Route.dispatch (C:\Content App\backend\node_modules\express\lib\router\route.js:119:3)
    at Layer.handle [as handle_request] (C:\Content App\backend\node_modules\express\lib\router\layer.js:95:5)
    at C:\Content App\backend\node_modules\express\lib\router\index.js:284:15
    at router.process_params (C:\Content App\backend\node_modules\express\lib\router\index.js:346:12)
    at next (C:\Content App\backend\node_modules\express\lib\router\index.js:280:10)
    at protect (file:///C:/Content%20App/backend/src/middleware/authMiddleware.js:41:5)

[2026-09-24T19:02:51.335Z] GET /api/content?status=PUBLISHED&page=1&limit=20&sortBy=publishedDate&sortOrder=desc
ReferenceError: skip is not defined
    at Module.getContent (file:///C:/Content%20App/backend/src/modules/content/content.service.js:68:16)
    at getContent (file:///C:/Content%20App/backend/src/modules/content/content.controller.js:6:41)
    at Layer.handle [as handle_request] (C:\Content App\backend\node_modules\express\lib\router\layer.js:95:5)
    at next (C:\Content App\backend\node_modules\express\lib\router\route.js:149:13)
    at Route.dispatch (C:\Content App\backend\node_modules\express\lib\router\route.js:119:3)
    at Layer.handle [as handle_request] (C:\Content App\backend\node_modules\express\lib\router\layer.js:95:5)
    at C:\Content App\backend\node_modules\express\lib\router\index.js:284:15
    at router.process_params (C:\Content App\backend\node_modules\express\lib\router\index.js:346:12)
    at next (C:\Content App\backend\node_modules\express\lib\router\index.js:280:10)
    at protect (file:///C:/Content%20App/backend/src/middleware/authMiddleware.js:41:5)

[2026-09-24T19:04:21.149Z] GET /api/content?page=1&limit=20&sortBy=publishedDate&sortOrder=desc
ReferenceError: skip is not defined
    at Module.getContent (file:///C:/Content%20App/backend/src/modules/content/content.service.js:68:16)
    at getContent (file:///C:/Content%20App/backend/src/modules/content/content.controller.js:6:41)
    at Layer.handle [as handle_request] (C:\Content App\backend\node_modules\express\lib\router\layer.js:95:5)
    at next (C:\Content App\backend\node_modules\express\lib\router\route.js:149:13)
    at Route.dispatch (C:\Content App\backend\node_modules\express\lib\router\route.js:119:3)
    at Layer.handle [as handle_request] (C:\Content App\backend\node_modules\express\lib\router\layer.js:95:5)
    at C:\Content App\backend\node_modules\express\lib\router\index.js:284:15
    at router.process_params (C:\Content App\backend\node_modules\express\lib\router\index.js:346:12)
    at next (C:\Content App\backend\node_modules\express\lib\router\index.js:280:10)
    at protect (file:///C:/Content%20App/backend/src/middleware/authMiddleware.js:41:5)

[2026-09-24T19:04:21.196Z] GET /api/content?page=1&limit=20&sortBy=publishedDate&sortOrder=desc
ReferenceError: skip is not defined
    at Module.getContent (file:///C:/Content%20App/backend/src/modules/content/content.service.js:68:16)
    at getContent (file:///C:/Content%20App/backend/src/modules/content/content.controller.js:6:41)
    at Layer.handle [as handle_request] (C:\Content App\backend\node_modules\express\lib\router\layer.js:95:5)
    at next (C:\Content App\backend\node_modules\express\lib\router\route.js:149:13)
    at Route.dispatch (C:\Content App\backend\node_modules\express\lib\router\route.js:119:3)
    at Layer.handle [as handle_request] (C:\Content App\backend\node_modules\express\lib\router\layer.js:95:5)
    at C:\Content App\backend\node_modules\express\lib\router\index.js:284:15
    at router.process_params (C:\Content App\backend\node_modules\express\lib\router\index.js:346:12)
    at next (C:\Content App\backend\node_modules\express\lib\router\index.js:280:10)
    at protect (file:///C:/Content%20App/backend/src/middleware/authMiddleware.js:41:5)

[2026-09-24T19:04:29.311Z] GET /api/content?limit=1000
ReferenceError: skip is not defined
    at Module.getContent (file:///C:/Content%20App/backend/src/modules/content/content.service.js:83:13)
    at getContent (file:///C:/Content%20App/backend/src/modules/content/content.controller.js:6:41)
    at Layer.handle [as handle_request] (C:\Content App\backend\node_modules\express\lib\router\layer.js:95:5)
    at next (C:\Content App\backend\node_modules\express\lib\router\route.js:149:13)
    at Route.dispatch (C:\Content App\backend\node_modules\express\lib\router\route.js:119:3)
    at Layer.handle [as handle_request] (C:\Content App\backend\node_modules\express\lib\router\layer.js:95:5)
    at C:\Content App\backend\node_modules\express\lib\router\index.js:284:15
    at router.process_params (C:\Content App\backend\node_modules\express\lib\router\index.js:346:12)
    at next (C:\Content App\backend\node_modules\express\lib\router\index.js:280:10)
    at protect (file:///C:/Content%20App/backend/src/middleware/authMiddleware.js:41:5)

[2026-09-24T19:04:29.608Z] GET /api/content?limit=1000
ReferenceError: skip is not defined
    at Module.getContent (file:///C:/Content%20App/backend/src/modules/content/content.service.js:83:13)
    at getContent (file:///C:/Content%20App/backend/src/modules/content/content.controller.js:6:41)
    at Layer.handle [as handle_request] (C:\Content App\backend\node_modules\express\lib\router\layer.js:95:5)
    at next (C:\Content App\backend\node_modules\express\lib\router\route.js:149:13)
    at Route.dispatch (C:\Content App\backend\node_modules\express\lib\router\route.js:119:3)
    at Layer.handle [as handle_request] (C:\Content App\backend\node_modules\express\lib\router\layer.js:95:5)
    at C:\Content App\backend\node_modules\express\lib\router\index.js:284:15
    at router.process_params (C:\Content App\backend\node_modules\express\lib\router\index.js:346:12)
    at next (C:\Content App\backend\node_modules\express\lib\router\index.js:280:10)
    at protect (file:///C:/Content%20App/backend/src/middleware/authMiddleware.js:41:5)

[2026-09-24T19:04:34.535Z] GET /api/content?limit=1000
ReferenceError: skip is not defined
    at Module.getContent (file:///C:/Content%20App/backend/src/modules/content/content.service.js:83:13)
    at getContent (file:///C:/Content%20App/backend/src/modules/content/content.controller.js:6:41)
    at Layer.handle [as handle_request] (C:\Content App\backend\node_modules\express\lib\router\layer.js:95:5)
    at next (C:\Content App\backend\node_modules\express\lib\router\route.js:149:13)
    at Route.dispatch (C:\Content App\backend\node_modules\express\lib\router\route.js:119:3)
    at Layer.handle [as handle_request] (C:\Content App\backend\node_modules\express\lib\router\layer.js:95:5)
    at C:\Content App\backend\node_modules\express\lib\router\index.js:284:15
    at router.process_params (C:\Content App\backend\node_modules\express\lib\router\index.js:346:12)
    at next (C:\Content App\backend\node_modules\express\lib\router\index.js:280:10)
    at protect (file:///C:/Content%20App/backend/src/middleware/authMiddleware.js:41:5)

[2026-09-24T19:04:34.580Z] GET /api/content?limit=1000
ReferenceError: skip is not defined
    at Module.getContent (file:///C:/Content%20App/backend/src/modules/content/content.service.js:83:13)
    at getContent (file:///C:/Content%20App/backend/src/modules/content/content.controller.js:6:41)
    at Layer.handle [as handle_request] (C:\Content App\backend\node_modules\express\lib\router\layer.js:95:5)
    at next (C:\Content App\backend\node_modules\express\lib\router\route.js:149:13)
    at Route.dispatch (C:\Content App\backend\node_modules\express\lib\router\route.js:119:3)
    at Layer.handle [as handle_request] (C:\Content App\backend\node_modules\express\lib\router\layer.js:95:5)
    at C:\Content App\backend\node_modules\express\lib\router\index.js:284:15
    at router.process_params (C:\Content App\backend\node_modules\express\lib\router\index.js:346:12)
    at next (C:\Content App\backend\node_modules\express\lib\router\index.js:280:10)
    at protect (file:///C:/Content%20App/backend/src/middleware/authMiddleware.js:41:5)

[2026-09-24T19:04:35.630Z] GET /api/content?status=APPROVED&limit=100
ReferenceError: skip is not defined
    at Module.getContent (file:///C:/Content%20App/backend/src/modules/content/content.service.js:83:13)
    at getContent (file:///C:/Content%20App/backend/src/modules/content/content.controller.js:6:41)
    at Layer.handle [as handle_request] (C:\Content App\backend\node_modules\express\lib\router\layer.js:95:5)
    at next (C:\Content App\backend\node_modules\express\lib\router\route.js:149:13)
    at Route.dispatch (C:\Content App\backend\node_modules\express\lib\router\route.js:119:3)
    at Layer.handle [as handle_request] (C:\Content App\backend\node_modules\express\lib\router\layer.js:95:5)
    at C:\Content App\backend\node_modules\express\lib\router\index.js:284:15
    at router.process_params (C:\Content App\backend\node_modules\express\lib\router\index.js:346:12)
    at next (C:\Content App\backend\node_modules\express\lib\router\index.js:280:10)
    at protect (file:///C:/Content%20App/backend/src/middleware/authMiddleware.js:41:5)

[2026-09-24T19:04:35.633Z] GET /api/content?status=SCHEDULED&limit=200
ReferenceError: skip is not defined
    at Module.getContent (file:///C:/Content%20App/backend/src/modules/content/content.service.js:83:13)
    at getContent (file:///C:/Content%20App/backend/src/modules/content/content.controller.js:6:41)
    at Layer.handle [as handle_request] (C:\Content App\backend\node_modules\express\lib\router\layer.js:95:5)
    at next (C:\Content App\backend\node_modules\express\lib\router\route.js:149:13)
    at Route.dispatch (C:\Content App\backend\node_modules\express\lib\router\route.js:119:3)
    at Layer.handle [as handle_request] (C:\Content App\backend\node_modules\express\lib\router\layer.js:95:5)
    at C:\Content App\backend\node_modules\express\lib\router\index.js:284:15
    at router.process_params (C:\Content App\backend\node_modules\express\lib\router\index.js:346:12)
    at next (C:\Content App\backend\node_modules\express\lib\router\index.js:280:10)
    at protect (file:///C:/Content%20App/backend/src/middleware/authMiddleware.js:41:5)

[2026-09-24T19:04:35.677Z] GET /api/content?status=APPROVED&limit=100
ReferenceError: skip is not defined
    at Module.getContent (file:///C:/Content%20App/backend/src/modules/content/content.service.js:83:13)
    at getContent (file:///C:/Content%20App/backend/src/modules/content/content.controller.js:6:41)
    at Layer.handle [as handle_request] (C:\Content App\backend\node_modules\express\lib\router\layer.js:95:5)
    at next (C:\Content App\backend\node_modules\express\lib\router\route.js:149:13)
    at Route.dispatch (C:\Content App\backend\node_modules\express\lib\router\route.js:119:3)
    at Layer.handle [as handle_request] (C:\Content App\backend\node_modules\express\lib\router\layer.js:95:5)
    at C:\Content App\backend\node_modules\express\lib\router\index.js:284:15
    at router.process_params (C:\Content App\backend\node_modules\express\lib\router\index.js:346:12)
    at next (C:\Content App\backend\node_modules\express\lib\router\index.js:280:10)
    at protect (file:///C:/Content%20App/backend/src/middleware/authMiddleware.js:41:5)

[2026-09-24T19:04:35.678Z] GET /api/content?status=SCHEDULED&limit=200
ReferenceError: skip is not defined
    at Module.getContent (file:///C:/Content%20App/backend/src/modules/content/content.service.js:83:13)
    at getContent (file:///C:/Content%20App/backend/src/modules/content/content.controller.js:6:41)
    at Layer.handle [as handle_request] (C:\Content App\backend\node_modules\express\lib\router\layer.js:95:5)
    at next (C:\Content App\backend\node_modules\express\lib\router\route.js:149:13)
    at Route.dispatch (C:\Content App\backend\node_modules\express\lib\router\route.js:119:3)
    at Layer.handle [as handle_request] (C:\Content App\backend\node_modules\express\lib\router\layer.js:95:5)
    at C:\Content App\backend\node_modules\express\lib\router\index.js:284:15
    at router.process_params (C:\Content App\backend\node_modules\express\lib\router\index.js:346:12)
    at next (C:\Content App\backend\node_modules\express\lib\router\index.js:280:10)
    at protect (file:///C:/Content%20App/backend/src/middleware/authMiddleware.js:41:5)

[2026-09-24T19:04:37.904Z] GET /api/content?limit=1000
ReferenceError: skip is not defined
    at Module.getContent (file:///C:/Content%20App/backend/src/modules/content/content.service.js:83:13)
    at getContent (file:///C:/Content%20App/backend/src/modules/content/content.controller.js:6:41)
    at Layer.handle [as handle_request] (C:\Content App\backend\node_modules\express\lib\router\layer.js:95:5)
    at next (C:\Content App\backend\node_modules\express\lib\router\route.js:149:13)
    at Route.dispatch (C:\Content App\backend\node_modules\express\lib\router\route.js:119:3)
    at Layer.handle [as handle_request] (C:\Content App\backend\node_modules\express\lib\router\layer.js:95:5)
    at C:\Content App\backend\node_modules\express\lib\router\index.js:284:15
    at router.process_params (C:\Content App\backend\node_modules\express\lib\router\index.js:346:12)
    at next (C:\Content App\backend\node_modules\express\lib\router\index.js:280:10)
    at protect (file:///C:/Content%20App/backend/src/middleware/authMiddleware.js:41:5)

[2026-09-24T19:04:37.949Z] GET /api/content?limit=1000
ReferenceError: skip is not defined
    at Module.getContent (file:///C:/Content%20App/backend/src/modules/content/content.service.js:83:13)
    at getContent (file:///C:/Content%20App/backend/src/modules/content/content.controller.js:6:41)
    at Layer.handle [as handle_request] (C:\Content App\backend\node_modules\express\lib\router\layer.js:95:5)
    at next (C:\Content App\backend\node_modules\express\lib\router\route.js:149:13)
    at Route.dispatch (C:\Content App\backend\node_modules\express\lib\router\route.js:119:3)
    at Layer.handle [as handle_request] (C:\Content App\backend\node_modules\express\lib\router\layer.js:95:5)
    at C:\Content App\backend\node_modules\express\lib\router\index.js:284:15
    at router.process_params (C:\Content App\backend\node_modules\express\lib\router\index.js:346:12)
    at next (C:\Content App\backend\node_modules\express\lib\router\index.js:280:10)
    at protect (file:///C:/Content%20App/backend/src/middleware/authMiddleware.js:41:5)

[2026-09-24T19:04:39.730Z] GET /api/content?limit=1000
ReferenceError: skip is not defined
    at Module.getContent (file:///C:/Content%20App/backend/src/modules/content/content.service.js:83:13)
    at getContent (file:///C:/Content%20App/backend/src/modules/content/content.controller.js:6:41)
    at Layer.handle [as handle_request] (C:\Content App\backend\node_modules\express\lib\router\layer.js:95:5)
    at next (C:\Content App\backend\node_modules\express\lib\router\route.js:149:13)
    at Route.dispatch (C:\Content App\backend\node_modules\express\lib\router\route.js:119:3)
    at Layer.handle [as handle_request] (C:\Content App\backend\node_modules\express\lib\router\layer.js:95:5)
    at C:\Content App\backend\node_modules\express\lib\router\index.js:284:15
    at router.process_params (C:\Content App\backend\node_modules\express\lib\router\index.js:346:12)
    at next (C:\Content App\backend\node_modules\express\lib\router\index.js:280:10)
    at protect (file:///C:/Content%20App/backend/src/middleware/authMiddleware.js:41:5)

[2026-09-24T19:04:39.775Z] GET /api/content?limit=1000
ReferenceError: skip is not defined
    at Module.getContent (file:///C:/Content%20App/backend/src/modules/content/content.service.js:83:13)
    at getContent (file:///C:/Content%20App/backend/src/modules/content/content.controller.js:6:41)
    at Layer.handle [as handle_request] (C:\Content App\backend\node_modules\express\lib\router\layer.js:95:5)
    at next (C:\Content App\backend\node_modules\express\lib\router\route.js:149:13)
    at Route.dispatch (C:\Content App\backend\node_modules\express\lib\router\route.js:119:3)
    at Layer.handle [as handle_request] (C:\Content App\backend\node_modules\express\lib\router\layer.js:95:5)
    at C:\Content App\backend\node_modules\express\lib\router\index.js:284:15
    at router.process_params (C:\Content App\backend\node_modules\express\lib\router\index.js:346:12)
    at next (C:\Content App\backend\node_modules\express\lib\router\index.js:280:10)
    at protect (file:///C:/Content%20App/backend/src/middleware/authMiddleware.js:41:5)

[2026-09-24T19:04:42.496Z] GET /api/content?status=SCHEDULED&limit=200
ReferenceError: skip is not defined
    at Module.getContent (file:///C:/Content%20App/backend/src/modules/content/content.service.js:83:13)
    at getContent (file:///C:/Content%20App/backend/src/modules/content/content.controller.js:6:41)
    at Layer.handle [as handle_request] (C:\Content App\backend\node_modules\express\lib\router\layer.js:95:5)
    at next (C:\Content App\backend\node_modules\express\lib\router\route.js:149:13)
    at Route.dispatch (C:\Content App\backend\node_modules\express\lib\router\route.js:119:3)
    at Layer.handle [as handle_request] (C:\Content App\backend\node_modules\express\lib\router\layer.js:95:5)
    at C:\Content App\backend\node_modules\express\lib\router\index.js:284:15
    at router.process_params (C:\Content App\backend\node_modules\express\lib\router\index.js:346:12)
    at next (C:\Content App\backend\node_modules\express\lib\router\index.js:280:10)
    at protect (file:///C:/Content%20App/backend/src/middleware/authMiddleware.js:41:5)

[2026-09-24T19:04:42.498Z] GET /api/content?status=APPROVED&limit=100
ReferenceError: skip is not defined
    at Module.getContent (file:///C:/Content%20App/backend/src/modules/content/content.service.js:83:13)
    at getContent (file:///C:/Content%20App/backend/src/modules/content/content.controller.js:6:41)
    at Layer.handle [as handle_request] (C:\Content App\backend\node_modules\express\lib\router\layer.js:95:5)
    at next (C:\Content App\backend\node_modules\express\lib\router\route.js:149:13)
    at Route.dispatch (C:\Content App\backend\node_modules\express\lib\router\route.js:119:3)
    at Layer.handle [as handle_request] (C:\Content App\backend\node_modules\express\lib\router\layer.js:95:5)
    at C:\Content App\backend\node_modules\express\lib\router\index.js:284:15
    at router.process_params (C:\Content App\backend\node_modules\express\lib\router\index.js:346:12)
    at next (C:\Content App\backend\node_modules\express\lib\router\index.js:280:10)
    at protect (file:///C:/Content%20App/backend/src/middleware/authMiddleware.js:41:5)

[2026-09-24T19:04:42.540Z] GET /api/content?status=SCHEDULED&limit=200
ReferenceError: skip is not defined
    at Module.getContent (file:///C:/Content%20App/backend/src/modules/content/content.service.js:83:13)
    at getContent (file:///C:/Content%20App/backend/src/modules/content/content.controller.js:6:41)
    at Layer.handle [as handle_request] (C:\Content App\backend\node_modules\express\lib\router\layer.js:95:5)
    at next (C:\Content App\backend\node_modules\express\lib\router\route.js:149:13)
    at Route.dispatch (C:\Content App\backend\node_modules\express\lib\router\route.js:119:3)
    at Layer.handle [as handle_request] (C:\Content App\backend\node_modules\express\lib\router\layer.js:95:5)
    at C:\Content App\backend\node_modules\express\lib\router\index.js:284:15
    at router.process_params (C:\Content App\backend\node_modules\express\lib\router\index.js:346:12)
    at next (C:\Content App\backend\node_modules\express\lib\router\index.js:280:10)
    at protect (file:///C:/Content%20App/backend/src/middleware/authMiddleware.js:41:5)

[2026-09-24T19:04:42.542Z] GET /api/content?status=APPROVED&limit=100
ReferenceError: skip is not defined
    at Module.getContent (file:///C:/Content%20App/backend/src/modules/content/content.service.js:83:13)
    at getContent (file:///C:/Content%20App/backend/src/modules/content/content.controller.js:6:41)
    at Layer.handle [as handle_request] (C:\Content App\backend\node_modules\express\lib\router\layer.js:95:5)
    at next (C:\Content App\backend\node_modules\express\lib\router\route.js:149:13)
    at Route.dispatch (C:\Content App\backend\node_modules\express\lib\router\route.js:119:3)
    at Layer.handle [as handle_request] (C:\Content App\backend\node_modules\express\lib\router\layer.js:95:5)
    at C:\Content App\backend\node_modules\express\lib\router\index.js:284:15
    at router.process_params (C:\Content App\backend\node_modules\express\lib\router\index.js:346:12)
    at next (C:\Content App\backend\node_modules\express\lib\router\index.js:280:10)
    at protect (file:///C:/Content%20App/backend/src/middleware/authMiddleware.js:41:5)

[2026-09-24T19:05:00.741Z] GET /api/content?page=1&limit=20&sortBy=publishedDate&sortOrder=desc
ReferenceError: skip is not defined
    at Module.getContent (file:///C:/Content%20App/backend/src/modules/content/content.service.js:68:16)
    at getContent (file:///C:/Content%20App/backend/src/modules/content/content.controller.js:6:41)
    at Layer.handle [as handle_request] (C:\Content App\backend\node_modules\express\lib\router\layer.js:95:5)
    at next (C:\Content App\backend\node_modules\express\lib\router\route.js:149:13)
    at Route.dispatch (C:\Content App\backend\node_modules\express\lib\router\route.js:119:3)
    at Layer.handle [as handle_request] (C:\Content App\backend\node_modules\express\lib\router\layer.js:95:5)
    at C:\Content App\backend\node_modules\express\lib\router\index.js:284:15
    at router.process_params (C:\Content App\backend\node_modules\express\lib\router\index.js:346:12)
    at next (C:\Content App\backend\node_modules\express\lib\router\index.js:280:10)
    at protect (file:///C:/Content%20App/backend/src/middleware/authMiddleware.js:41:5)

[2026-09-24T19:05:00.786Z] GET /api/content?page=1&limit=20&sortBy=publishedDate&sortOrder=desc
ReferenceError: skip is not defined
    at Module.getContent (file:///C:/Content%20App/backend/src/modules/content/content.service.js:68:16)
    at getContent (file:///C:/Content%20App/backend/src/modules/content/content.controller.js:6:41)
    at Layer.handle [as handle_request] (C:\Content App\backend\node_modules\express\lib\router\layer.js:95:5)
    at next (C:\Content App\backend\node_modules\express\lib\router\route.js:149:13)
    at Route.dispatch (C:\Content App\backend\node_modules\express\lib\router\route.js:119:3)
    at Layer.handle [as handle_request] (C:\Content App\backend\node_modules\express\lib\router\layer.js:95:5)
    at C:\Content App\backend\node_modules\express\lib\router\index.js:284:15
    at router.process_params (C:\Content App\backend\node_modules\express\lib\router\index.js:346:12)
    at next (C:\Content App\backend\node_modules\express\lib\router\index.js:280:10)
    at protect (file:///C:/Content%20App/backend/src/middleware/authMiddleware.js:41:5)

[2026-09-24T19:05:04.999Z] GET /api/content?page=1&limit=20&sortBy=publishedDate&sortOrder=desc
ReferenceError: skip is not defined
    at Module.getContent (file:///C:/Content%20App/backend/src/modules/content/content.service.js:68:16)
    at getContent (file:///C:/Content%20App/backend/src/modules/content/content.controller.js:6:41)
    at Layer.handle [as handle_request] (C:\Content App\backend\node_modules\express\lib\router\layer.js:95:5)
    at next (C:\Content App\backend\node_modules\express\lib\router\route.js:149:13)
    at Route.dispatch (C:\Content App\backend\node_modules\express\lib\router\route.js:119:3)
    at Layer.handle [as handle_request] (C:\Content App\backend\node_modules\express\lib\router\layer.js:95:5)
    at C:\Content App\backend\node_modules\express\lib\router\index.js:284:15
    at router.process_params (C:\Content App\backend\node_modules\express\lib\router\index.js:346:12)
    at next (C:\Content App\backend\node_modules\express\lib\router\index.js:280:10)
    at protect (file:///C:/Content%20App/backend/src/middleware/authMiddleware.js:41:5)

[2026-09-24T19:05:05.051Z] GET /api/content?page=1&limit=20&sortBy=publishedDate&sortOrder=desc
ReferenceError: skip is not defined
    at Module.getContent (file:///C:/Content%20App/backend/src/modules/content/content.service.js:68:16)
    at getContent (file:///C:/Content%20App/backend/src/modules/content/content.controller.js:6:41)
    at Layer.handle [as handle_request] (C:\Content App\backend\node_modules\express\lib\router\layer.js:95:5)
    at next (C:\Content App\backend\node_modules\express\lib\router\route.js:149:13)
    at Route.dispatch (C:\Content App\backend\node_modules\express\lib\router\route.js:119:3)
    at Layer.handle [as handle_request] (C:\Content App\backend\node_modules\express\lib\router\layer.js:95:5)
    at C:\Content App\backend\node_modules\express\lib\router\index.js:284:15
    at router.process_params (C:\Content App\backend\node_modules\express\lib\router\index.js:346:12)
    at next (C:\Content App\backend\node_modules\express\lib\router\index.js:280:10)
    at protect (file:///C:/Content%20App/backend/src/middleware/authMiddleware.js:41:5)

[2026-09-24T19:05:08.748Z] GET /api/content?page=1&limit=20&sortBy=publishedDate&sortOrder=desc
ReferenceError: skip is not defined
    at Module.getContent (file:///C:/Content%20App/backend/src/modules/content/content.service.js:68:16)
    at getContent (file:///C:/Content%20App/backend/src/modules/content/content.controller.js:6:41)
    at Layer.handle [as handle_request] (C:\Content App\backend\node_modules\express\lib\router\layer.js:95:5)
    at next (C:\Content App\backend\node_modules\express\lib\router\route.js:149:13)
    at Route.dispatch (C:\Content App\backend\node_modules\express\lib\router\route.js:119:3)
    at Layer.handle [as handle_request] (C:\Content App\backend\node_modules\express\lib\router\layer.js:95:5)
    at C:\Content App\backend\node_modules\express\lib\router\index.js:284:15
    at router.process_params (C:\Content App\backend\node_modules\express\lib\router\index.js:346:12)
    at next (C:\Content App\backend\node_modules\express\lib\router\index.js:280:10)
    at protect (file:///C:/Content%20App/backend/src/middleware/authMiddleware.js:41:5)

[2026-09-24T19:05:08.793Z] GET /api/content?page=1&limit=20&sortBy=publishedDate&sortOrder=desc
ReferenceError: skip is not defined
    at Module.getContent (file:///C:/Content%20App/backend/src/modules/content/content.service.js:68:16)
    at getContent (file:///C:/Content%20App/backend/src/modules/content/content.controller.js:6:41)
    at Layer.handle [as handle_request] (C:\Content App\backend\node_modules\express\lib\router\layer.js:95:5)
    at next (C:\Content App\backend\node_modules\express\lib\router\route.js:149:13)
    at Route.dispatch (C:\Content App\backend\node_modules\express\lib\router\route.js:119:3)
    at Layer.handle [as handle_request] (C:\Content App\backend\node_modules\express\lib\router\layer.js:95:5)
    at C:\Content App\backend\node_modules\express\lib\router\index.js:284:15
    at router.process_params (C:\Content App\backend\node_modules\express\lib\router\index.js:346:12)
    at next (C:\Content App\backend\node_modules\express\lib\router\index.js:280:10)
    at protect (file:///C:/Content%20App/backend/src/middleware/authMiddleware.js:41:5)

[2026-09-25T10:09:35.898Z] POST /api/auth/login
Error: Invalid email or password.
    at Module.loginUser (file:///C:/Content%20App/backend/src/modules/auth/auth.service.js:38:17)
    at process.processTicksAndRejections (node:internal/process/task_queues:103:5)
    at async login (file:///C:/Content%20App/backend/src/modules/auth/auth.controller.js:26:29)

[2026-09-26T08:32:42.577Z] POST /api/auth/login
MongoServerSelectionError: read ECONNRESET
    at Topology.selectServer (C:\Content App\backend\node_modules\mongodb\lib\sdam\topology.js:327:38)
    at async tryOperation (C:\Content App\backend\node_modules\mongodb\lib\operations\execute_operation.js:148:18)
    at async executeOperation (C:\Content App\backend\node_modules\mongodb\lib\operations\execute_operation.js:78:16)
    at async FindCursor._initialize (C:\Content App\backend\node_modules\mongodb\lib\cursor\find_cursor.js:62:26)
    at async FindCursor.cursorInit (C:\Content App\backend\node_modules\mongodb\lib\cursor\abstract_cursor.js:632:27)
    at async FindCursor.fetchBatch (C:\Content App\backend\node_modules\mongodb\lib\cursor\abstract_cursor.js:666:13)
    at async FindCursor.next (C:\Content App\backend\node_modules\mongodb\lib\cursor\abstract_cursor.js:342:17)
    at async Collection.findOne (C:\Content App\backend\node_modules\mongodb\lib\collection.js:313:24)
    at async model.Query._findOne (C:\Content App\backend\node_modules\mongoose\lib\query.js:2710:15)
    at async model.Query.exec (C:\Content App\backend\node_modules\mongoose\lib\query.js:4622:63)

[2026-09-26T08:32:50.907Z] POST /api/auth/login
MongoServerSelectionError: read ECONNRESET
    at Topology.selectServer (C:\Content App\backend\node_modules\mongodb\lib\sdam\topology.js:327:38)
    at async tryOperation (C:\Content App\backend\node_modules\mongodb\lib\operations\execute_operation.js:148:18)
    at async executeOperation (C:\Content App\backend\node_modules\mongodb\lib\operations\execute_operation.js:78:16)
    at async FindCursor._initialize (C:\Content App\backend\node_modules\mongodb\lib\cursor\find_cursor.js:62:26)
    at async FindCursor.cursorInit (C:\Content App\backend\node_modules\mongodb\lib\cursor\abstract_cursor.js:632:27)
    at async FindCursor.fetchBatch (C:\Content App\backend\node_modules\mongodb\lib\cursor\abstract_cursor.js:666:13)
    at async FindCursor.next (C:\Content App\backend\node_modules\mongodb\lib\cursor\abstract_cursor.js:342:17)
    at async Collection.findOne (C:\Content App\backend\node_modules\mongodb\lib\collection.js:313:24)
    at async model.Query._findOne (C:\Content App\backend\node_modules\mongoose\lib\query.js:2710:15)
    at async model.Query.exec (C:\Content App\backend\node_modules\mongoose\lib\query.js:4622:63)

[2026-09-26T08:36:47.432Z] POST /api/auth/login
MongooseError: Operation `users.findOne()` buffering timed out after 10000ms
    at Timeout.<anonymous> (C:\Content App\backend\node_modules\mongoose\lib\drivers\node-mongodb-native\collection.js:187:23)
    at listOnTimeout (node:internal/timers:605:17)
    at process.processTimers (node:internal/timers:541:7)

[2026-09-26T08:37:30.305Z] POST /api/auth/login
MongooseError: Operation `users.findOne()` buffering timed out after 10000ms
    at Timeout.<anonymous> (C:\Content App\backend\node_modules\mongoose\lib\drivers\node-mongodb-native\collection.js:187:23)
    at listOnTimeout (node:internal/timers:605:17)
    at process.processTimers (node:internal/timers:541:7)

